{
    "Should successfully download file from iRODS": {
        "content": [
            {
                "id": "dummy_sample",
                "file": "seq_10754_10754_1_20.cram",
                "md5": "seq_10754_10754_1_20.cram.md5",
                "versions": "versions.yml"
            }
        ],
        "meta": {
            "nf-test": "0.9.3",
            "nextflow": "25.10.3"
        },
        "timestamp": "2026-02-10T11:40:23.476365146"
    }
}
