{
    "Should successfully download file from iRODS (stubbed)": {
        "content": [
            {
                "id": "dummy_sample",
                "file": "seq_10754_10754_1_20.cram",
                "md5": "seq_10754_10754_1_20.cram.md5",
                "versions": "versions.yml"
            }
        ],
        "meta": {
            "nf-test": "0.9.3",
            "nextflow": "25.10.2"
        },
        "timestamp": "2026-02-11T09:40:34.675509"
    },
    "Should fail when iget command is not available": {
        "content": [
            {
                "status": "failed",
                "message": "ERROR: iget not found (iRODS iCommands required)"
            }
        ],
        "meta": {
            "nf-test": "0.9.3",
            "nextflow": "25.10.2"
        },
        "timestamp": "2026-02-11T09:46:01.052304"
    }
}