{
    "inferlibraryorientations - fastq - tsv": {
        "content": [
            {
                "0": [
                    [
                        {
                            "id": "test_sample",
                            "expt_forward_primer": "ATTCACGTTATGCTGTCCAATCTCT",
                            "expt_reverse_primer": "CCCTGGGAAGGTAATTTTAGATTTC"
                        },
                        "test_sample_library_orientations.tsv:md5,36c19701e9bf3fd7a2ab26b40c15880b"
                    ]
                ],
                "1": [
                    [
                        "INFERLIBRARYORIENTATIONS",
                        "infer_library_orientations/infer_library_orientations.py",
                        "1.0.0"
                    ]
                ],
                "library_orientations": [
                    [
                        {
                            "id": "test_sample",
                            "expt_forward_primer": "ATTCACGTTATGCTGTCCAATCTCT",
                            "expt_reverse_primer": "CCCTGGGAAGGTAATTTTAGATTTC"
                        },
                        "test_sample_library_orientations.tsv:md5,36c19701e9bf3fd7a2ab26b40c15880b"
                    ]
                ],
                "versions_infer_library_orientations": [
                    [
                        "INFERLIBRARYORIENTATIONS",
                        "infer_library_orientations/infer_library_orientations.py",
                        "1.0.0"
                    ]
                ]
            }
        ],
        "meta": {
            "nf-test": "0.9.2",
            "nextflow": "25.10.4"
        },
        "timestamp": "2026-07-22T13:13:14.414229857"
    },
    "inferlibraryorientations - fastq - tsv - stub": {
        "content": [
            {
                "0": [
                    [
                        {
                            "id": "test_sample",
                            "expt_forward_primer": "ATTCACGTTATGCTGTCCAATCTCT",
                            "expt_reverse_primer": "CCCTGGGAAGGTAATTTTAGATTTC"
                        },
                        "test_sample_library_orientations.tsv:md5,b27fdec28debfeeaeba8cddf52df592e"
                    ]
                ],
                "1": [
                    [
                        "INFERLIBRARYORIENTATIONS",
                        "infer_library_orientations/infer_library_orientations.py",
                        "1.0.0"
                    ]
                ],
                "library_orientations": [
                    [
                        {
                            "id": "test_sample",
                            "expt_forward_primer": "ATTCACGTTATGCTGTCCAATCTCT",
                            "expt_reverse_primer": "CCCTGGGAAGGTAATTTTAGATTTC"
                        },
                        "test_sample_library_orientations.tsv:md5,b27fdec28debfeeaeba8cddf52df592e"
                    ]
                ],
                "versions_infer_library_orientations": [
                    [
                        "INFERLIBRARYORIENTATIONS",
                        "infer_library_orientations/infer_library_orientations.py",
                        "1.0.0"
                    ]
                ]
            }
        ],
        "meta": {
            "nf-test": "0.9.2",
            "nextflow": "25.10.4"
        },
        "timestamp": "2026-08-10T10:46:45.648401836"
    }
}