{
    "sarscov2_sample_singlend_fqgz_stub": {
        "content": [
            {
                "0": [
                    [
                        {
                            "id": "test",
                            "single_end": true
                        },
                        "test.sampled_downsampled.fq.gz:md5,68b329da9893e34099c7d8ad5cb9c940"
                    ]
                ],
                "1": [
                    "versions.yml:md5,0529f2d163df9e2cd2ae8254dfb63806"
                ],
                "reads": [
                    [
                        {
                            "id": "test",
                            "single_end": true
                        },
                        "test.sampled_downsampled.fq.gz:md5,68b329da9893e34099c7d8ad5cb9c940"
                    ]
                ],
                "versions": [
                    "versions.yml:md5,0529f2d163df9e2cd2ae8254dfb63806"
                ]
            }
        ],
        "meta": {
            "nf-test": "0.9.2",
            "nextflow": "25.04.4"
        },
        "timestamp": "2026-04-10T11:24:54.037292863"
    },
    "sarscov2_sample_pairedend_fqgz_stub": {
        "content": [
            {
                "0": [
                    [
                        {
                            "id": "test",
                            "single_end": false
                        },
                        [
                            "test.sampled_downsampled_1.fq.gz:md5,68b329da9893e34099c7d8ad5cb9c940",
                            "test.sampled_downsampled_2.fq.gz:md5,68b329da9893e34099c7d8ad5cb9c940"
                        ]
                    ]
                ],
                "1": [
                    "versions.yml:md5,297055069617a1a3be723f802fc8b040"
                ],
                "reads": [
                    [
                        {
                            "id": "test",
                            "single_end": false
                        },
                        [
                            "test.sampled_downsampled_1.fq.gz:md5,68b329da9893e34099c7d8ad5cb9c940",
                            "test.sampled_downsampled_2.fq.gz:md5,68b329da9893e34099c7d8ad5cb9c940"
                        ]
                    ]
                ],
                "versions": [
                    "versions.yml:md5,297055069617a1a3be723f802fc8b040"
                ]
            }
        ],
        "meta": {
            "nf-test": "0.9.2",
            "nextflow": "25.04.4"
        },
        "timestamp": "2026-04-10T11:25:10.72255265"
    },
    "sarscov2_sample_pairedend_fqgz": {
        "content": [
            {
                "0": [
                    [
                        {
                            "id": "test",
                            "single_end": false
                        },
                        [
                            "test.sampled_downsampled_1.fq.gz:md5,e5f44fafd7351c5abb9925a075132941",
                            "test.sampled_downsampled_2.fq.gz:md5,b8e8bdabeac41e066052d1ea3abcf68e"
                        ]
                    ]
                ],
                "1": [
                    "versions.yml:md5,297055069617a1a3be723f802fc8b040"
                ],
                "reads": [
                    [
                        {
                            "id": "test",
                            "single_end": false
                        },
                        [
                            "test.sampled_downsampled_1.fq.gz:md5,e5f44fafd7351c5abb9925a075132941",
                            "test.sampled_downsampled_2.fq.gz:md5,b8e8bdabeac41e066052d1ea3abcf68e"
                        ]
                    ]
                ],
                "versions": [
                    "versions.yml:md5,297055069617a1a3be723f802fc8b040"
                ]
            }
        ],
        "meta": {
            "nf-test": "0.9.2",
            "nextflow": "25.10.4"
        },
        "timestamp": "2026-07-15T12:58:21.477103478"
    },
    "sarscov2_sample_singleend_fqgz": {
        "content": [
            {
                "0": [
                    [
                        {
                            "id": "test",
                            "single_end": true
                        },
                        "test.sampled_downsampled.fq.gz:md5,e5f44fafd7351c5abb9925a075132941"
                    ]
                ],
                "1": [
                    "versions.yml:md5,0529f2d163df9e2cd2ae8254dfb63806"
                ],
                "reads": [
                    [
                        {
                            "id": "test",
                            "single_end": true
                        },
                        "test.sampled_downsampled.fq.gz:md5,e5f44fafd7351c5abb9925a075132941"
                    ]
                ],
                "versions": [
                    "versions.yml:md5,0529f2d163df9e2cd2ae8254dfb63806"
                ]
            }
        ],
        "meta": {
            "nf-test": "0.9.2",
            "nextflow": "25.10.4"
        },
        "timestamp": "2026-07-15T12:58:11.585316574"
    }
}